=== FINAL panel by group ===
ACINAR: T1=[]
       T2=['BPIFA2', 'DCD', 'LPO', 'MUC7', 'PIP']
       FAIL=['AMY2A', 'AQP5', 'CA6', 'CELA2A', 'CST11', 'CTRB1', 'CTRB2', 'HTN1', 'LACRT', 'PLA2G1B', 'PNLIP', 'PRB1', 'PRB2', 'PRB3', 'PRR4', 'PRSS1', 'SCGB2A2', 'STATH', 'ZG16B']
DUCT: T1=[]
       T2=[]
       FAIL=['ANXA8', 'AQP1', 'BPIFB1', 'CEACAM6', 'CFTR', 'ELF3', 'KRT13', 'KRT19', 'KRT7', 'KRT8', 'MSMB', 'PIGR', 'PRR27', 'PSCA', 'SOX9', 'SPP1']
MYOEPITH: T1=['MYH11']
       T2=[]
       FAIL=['ACTA2', 'ACTG2', 'CALD1', 'CNGB1', 'CNN1', 'KRT14', 'KRT5', 'LMOD1', 'MYL9', 'PRLR', 'TAGLN', 'TP63', 'TPM2']
IMMUNE: T1=['CCL5', 'CD74']
       T2=['CD3E', 'CSF1R']
       FAIL=['CD3D', 'CD68', 'IL7R', 'MNC1', 'MS4A1', 'MZB1', 'NKG7', 'PTPRC']
ENDO: T1=[]
       T2=[]
       FAIL=['CDH5', 'CLDN5', 'ESAM', 'KDR', 'PECAM1', 'RAMP2', 'VWF']
NEUROGLIA: T1=[]
       T2=['S100B']
       FAIL=['GFAP', 'MAG', 'NGFR', 'PLP1', 'S100A4', 'SOX10', 'ST8SIA3']
STROMA: T1=[]
       T2=['COL1A1']
       FAIL=['COL1A2', 'DCN', 'FBN1', 'LUM', 'MMP2', 'PDGFRB']

=== Tier2 样本目检 ===
  [ACINAR/BPIFA2] PMID 34950038: Proteomics Analysis of Tears and Saliva From Sjogren's Syndrome Patients.
  [ACINAR/DCD] PMID 34950038: Proteomics Analysis of Tears and Saliva From Sjogren's Syndrome Patients.
  [ACINAR/LPO] PMID 34950038: Proteomics Analysis of Tears and Saliva From Sjogren's Syndrome Patients.
  [ACINAR/MUC7] PMID 34950038: Proteomics Analysis of Tears and Saliva From Sjogren's Syndrome Patients.
  [ACINAR/PIP] PMID 31010136: Tear Proteomics Approach to Monitoring Sjögren Syndrome or Dry Eye Disease.
  [IMMUNE/CD3E] PMID 35295950: Differently Expressed Circular RNAs in Lacrimal Sacs From Patients With Chronic Dacryocystitis.
  [IMMUNE/CSF1R] PMID 35295950: Differently Expressed Circular RNAs in Lacrimal Sacs From Patients With Chronic Dacryocystitis.
  [NEUROGLIA/S100B] PMID 40963435: A Comparison of Emotionally Stimulated and Conventionally Collected Tears Using Bottom-Up, Label-Free Quantita
  [STROMA/COL1A1] PMID 35295950: Differently Expressed Circular RNAs in Lacrimal Sacs From Patients With Chronic Dacryocystitis.
