ACINAR    PRB1      FAIL pmid=- hits=0
ACINAR    PRB2      FAIL pmid=- hits=1
ACINAR    PRB3      FAIL pmid=- hits=0
ACINAR    LPO       FAIL pmid=- hits=5
ACINAR    PIP       FAIL pmid=- hits=10
ACINAR    STATH     FAIL pmid=- hits=2
ACINAR    HTN1      FAIL pmid=- hits=1
ACINAR    PRSS1     FAIL pmid=- hits=1
ACINAR    CTRB1     FAIL pmid=- hits=0
ACINAR    CTRB2     FAIL pmid=- hits=0
ACINAR    AMY2A     FAIL pmid=- hits=1
ACINAR    PNLIP     FAIL pmid=- hits=4
ACINAR    CELA2A    FAIL pmid=- hits=0
ACINAR    PLA2G1B   FAIL pmid=- hits=0
ACINAR    CA6       FAIL pmid=- hits=1
ACINAR    BPIFA2    FAIL pmid=- hits=2
ACINAR    ZG16B     FAIL pmid=- hits=1
ACINAR    AQP5      FAIL pmid=- hits=4
ACINAR    PRR4      FAIL pmid=- hits=2
ACINAR    LACRT     FAIL pmid=- hits=1
ACINAR    MUC7      FAIL pmid=- hits=4
ACINAR    SCGB2A2   FAIL pmid=- hits=0
ACINAR    CST11     FAIL pmid=- hits=0
ACINAR    DCD       FAIL pmid=- hits=4
DUCT      KRT19     FAIL pmid=- hits=1
DUCT      KRT7      FAIL pmid=- hits=1
DUCT      CFTR      FAIL pmid=- hits=8
DUCT      SOX9      FAIL pmid=- hits=6
DUCT      KRT8      FAIL pmid=- hits=0
DUCT      SPP1      FAIL pmid=- hits=1
DUCT      CEACAM6   FAIL pmid=- hits=0
DUCT      PIGR      FAIL pmid=- hits=4
DUCT      AQP1      FAIL pmid=- hits=2
DUCT      ELF3      FAIL pmid=- hits=1
DUCT      BPIFB1    FAIL pmid=- hits=1
DUCT      PRR27     FAIL pmid=- hits=0
DUCT      MSMB      FAIL pmid=- hits=1
DUCT      PSCA      FAIL pmid=- hits=2
DUCT      KRT13     FAIL pmid=- hits=1
DUCT      ANXA8     FAIL pmid=- hits=0
MYOEPITH  ACTA2     FAIL pmid=- hits=5
MYOEPITH  CNN1      FAIL pmid=- hits=0
MYOEPITH  MYH11     PASS pmid=38536014 hits=4
MYOEPITH  TAGLN     FAIL pmid=- hits=0
MYOEPITH  KRT5      FAIL pmid=- hits=0
MYOEPITH  KRT14     FAIL pmid=- hits=1
MYOEPITH  TP63      FAIL pmid=- hits=3
MYOEPITH  MYL9      FAIL pmid=- hits=0
MYOEPITH  LMOD1     FAIL pmid=- hits=0
MYOEPITH  PRLR      FAIL pmid=- hits=0
MYOEPITH  CNGB1     FAIL pmid=- hits=1
MYOEPITH  CALD1     FAIL pmid=- hits=0
MYOEPITH  ACTG2     FAIL pmid=- hits=0
MYOEPITH  TPM2      FAIL pmid=- hits=3
IMMUNE    PTPRC     FAIL pmid=- hits=2
IMMUNE    CD3D      FAIL pmid=- hits=2
IMMUNE    CD3E      FAIL pmid=- hits=5
IMMUNE    CD68      FAIL pmid=- hits=6
IMMUNE    MS4A1     FAIL pmid=- hits=2
IMMUNE    MZB1      FAIL pmid=- hits=0
IMMUNE    NKG7      FAIL pmid=- hits=0
IMMUNE    CD74      PASS pmid=37153570 hits=4
IMMUNE    IL7R      FAIL pmid=- hits=3
IMMUNE    MNC1      FAIL pmid=- hits=0
IMMUNE    CCL5      PASS pmid=35295950 hits=7
IMMUNE    CSF1R     FAIL pmid=- hits=4
ENDO      PECAM1    FAIL pmid=- hits=3
ENDO      CLDN5     FAIL pmid=- hits=0
ENDO      VWF       FAIL pmid=- hits=7
ENDO      CDH5      FAIL pmid=- hits=2
ENDO      KDR       FAIL pmid=- hits=4
ENDO      ESAM      FAIL pmid=- hits=1
ENDO      RAMP2     FAIL pmid=- hits=0
NEUROGLIA PLP1      FAIL pmid=- hits=2
NEUROGLIA S100B     FAIL pmid=- hits=4
NEUROGLIA SOX10     FAIL pmid=- hits=3
NEUROGLIA MAG       FAIL pmid=- hits=5
NEUROGLIA ST8SIA3   FAIL pmid=- hits=0
NEUROGLIA NGFR      FAIL pmid=- hits=2
NEUROGLIA GFAP      FAIL pmid=- hits=8
NEUROGLIA S100A4    FAIL pmid=- hits=0
STROMA    DCN       FAIL pmid=- hits=1
STROMA    LUM       FAIL pmid=- hits=6
STROMA    COL1A1    FAIL pmid=- hits=9
STROMA    COL1A2    FAIL pmid=- hits=4
STROMA    FBN1      FAIL pmid=- hits=4
STROMA    PDGFRB    FAIL pmid=- hits=1
STROMA    MMP2      FAIL pmid=- hits=8

TOTAL candidates=88 PASS(with PMID, not excluded)=3
by group: {'ACINAR': 0, 'DUCT': 0, 'MYOEPITH': 1, 'IMMUNE': 2, 'ENDO': 0, 'NEUROGLIA': 0, 'STROMA': 0}
EXIT=0
