ACINAR    LACRT     FAIL            pmids=                                   qa=39 qb=59
ACINAR    MUC7      FAIL            pmids=                                   qa=49 qb=80
ACINAR    LPO       FAIL            pmids=                                   qa=129 qb=226
ACINAR    PIP       TIER-APPX       pmids=40393125                           qa=105 qb=158
ACINAR    PRB1      TIER1           pmids=27588265                           qa=7 qb=8
ACINAR    PRB2      FAIL            pmids=                                   qa=3 qb=3
ACINAR    PRB3      FAIL            pmids=                                   qa=3 qb=3
ACINAR    STATH     FAIL            pmids=                                   qa=3 qb=6
ACINAR    HTN1      FAIL            pmids=                                   qa=8 qb=12
ACINAR    PRSS1     FAIL            pmids=                                   qa=8 qb=9
ACINAR    CTRB1     FAIL            pmids=                                   qa=1 qb=1
ACINAR    CTRB2     FAIL            pmids=                                   qa=0 qb=0
ACINAR    PNLIP     FAIL            pmids=                                   qa=80 qb=141
ACINAR    PLA2G1B   FAIL            pmids=                                   qa=0 qb=0
ACINAR    CA6       FAIL            pmids=                                   qa=55 qb=116
ACINAR    BPIFA2    FAIL            pmids=                                   qa=16 qb=23
ACINAR    ZG16B     FAIL            pmids=                                   qa=9 qb=17
ACINAR    AQP5      TIER1           pmids=41785988,42510603,41619935         qa=206 qb=275
ACINAR    PRR4      FAIL            pmids=                                   qa=20 qb=33
ACINAR    CST1      FAIL            pmids=                                   qa=13 qb=24
ACINAR    CST4      FAIL            pmids=                                   qa=21 qb=34
ACINAR    SCGB1D1   FAIL            pmids=                                   qa=11 qb=16
ACINAR    SCGB2A2   FAIL            pmids=                                   qa=14 qb=16
ACINAR    SCGB3A1   FAIL            pmids=                                   qa=6 qb=6
ACINAR    DCD       FAIL            pmids=                                   qa=25 qb=37
ACINAR    SLPI      FAIL            pmids=                                   qa=25 qb=39
ACINAR    ZGP2      FAIL            pmids=                                   qa=0 qb=0
ACINAR    PRR5      FAIL            pmids=                                   qa=0 qb=0
ACINAR    ZG16      FAIL            pmids=                                   qa=2 qb=3
DUCT      KRT19     FAIL            pmids=                                   qa=46 qb=51
DUCT      KRT7      FAIL            pmids=                                   qa=24 qb=26
DUCT      KRT8      FAIL            pmids=                                   qa=28 qb=30
DUCT      KRT18     FAIL            pmids=                                   qa=21 qb=23
DUCT      CFTR      TIER-APPX       pmids=42153781                           qa=95 qb=144
DUCT      SOX9      FAIL            pmids=                                   qa=90 qb=94
DUCT      SPP1      TIER1           pmids=33121169                           qa=31 qb=32
DUCT      CEACAM6   FAIL            pmids=                                   qa=5 qb=5
DUCT      PIGR      TIER1           pmids=41869322                           qa=55 qb=76
DUCT      AQP1      TIER1           pmids=42510603                           qa=76 qb=106
DUCT      ELF3      FAIL            pmids=                                   qa=10 qb=11
DUCT      BPIFB1    FAIL            pmids=                                   qa=4 qb=7
DUCT      PRR27     FAIL            pmids=                                   qa=3 qb=7
DUCT      MSMB      FAIL            pmids=                                   qa=2 qb=3
DUCT      PSCA      FAIL            pmids=                                   qa=8 qb=9
DUCT      KRT13     TIER1           pmids=41785988                           qa=21 qb=26
DUCT      ANXA8     FAIL            pmids=                                   qa=1 qb=1
DUCT      ANXA1     TIER1           pmids=38721521                           qa=29 qb=42
DUCT      TGM2      FAIL            pmids=                                   qa=14 qb=19
DUCT      AQP5      TIER1           pmids=41785988,42510603,41619935         qa=206 qb=275
DUCT      SCGB1A1   FAIL            pmids=                                   qa=9 qb=10
DUCT      KRT23     FAIL            pmids=                                   qa=2 qb=3
MYOEPITH  ACTA2     TIER1           pmids=42113735                           qa=78 qb=83
MYOEPITH  CNN1      FAIL            pmids=                                   qa=11 qb=11
MYOEPITH  MYH11     TIER1           pmids=38536014                           qa=35 qb=36
MYOEPITH  TAGLN     FAIL            pmids=                                   qa=12 qb=14
MYOEPITH  KRT5      TIER1           pmids=41785988                           qa=70 qb=75
MYOEPITH  KRT14     TIER1           pmids=41785988,42149034                  qa=86 qb=94
MYOEPITH  KRT15     FAIL            pmids=                                   qa=39 qb=41
MYOEPITH  TP63      TIER1           pmids=41785988                           qa=48 qb=56
MYOEPITH  MYL9      FAIL            pmids=                                   qa=9 qb=9
MYOEPITH  LMOD1     FAIL            pmids=                                   qa=1 qb=2
MYOEPITH  PRLR      FAIL            pmids=                                   qa=16 qb=20
MYOEPITH  CNGB1     FAIL            pmids=                                   qa=4 qb=5
MYOEPITH  CALD1     FAIL            pmids=                                   qa=3 qb=4
MYOEPITH  ACTG2     FAIL            pmids=                                   qa=3 qb=4
MYOEPITH  TPM2      FAIL            pmids=                                   qa=11 qb=14
MYOEPITH  S100A2    FAIL            pmids=                                   qa=6 qb=7
MYOEPITH  KRT6A     FAIL            pmids=                                   qa=17 qb=20
MYOEPITH  KRT17     FAIL            pmids=                                   qa=25 qb=27
IMMUNE    PTPRC     TIER1           pmids=41679650                           qa=57 qb=66
IMMUNE    CD3D      FAIL            pmids=                                   qa=31 qb=31
IMMUNE    CD3E      FAIL            pmids=                                   qa=63 qb=67
IMMUNE    CD68      TIER1           pmids=42510603,41619935                  qa=329 qb=404
IMMUNE    MS4A1     FAIL            pmids=                                   qa=20 qb=20
IMMUNE    MZB1      FAIL            pmids=                                   qa=13 qb=13
IMMUNE    NKG7      FAIL            pmids=                                   qa=19 qb=19
IMMUNE    CD74      FAIL            pmids=                                   qa=58 qb=63
IMMUNE    IL7R      FAIL            pmids=                                   qa=29 qb=34
IMMUNE    CCL5      TIER1           pmids=42397411                           qa=124 qb=152
IMMUNE    CSF1R     FAIL            pmids=                                   qa=32 qb=33
IMMUNE    CD79A     FAIL            pmids=                                   qa=135 qb=166
IMMUNE    CD79B     FAIL            pmids=                                   qa=42 qb=49
IMMUNE    ITGAM     FAIL            pmids=                                   qa=24 qb=27
IMMUNE    FCGR3A    FAIL            pmids=                                   qa=20 qb=20
IMMUNE    IGHM      FAIL            pmids=                                   qa=23 qb=27
IMMUNE    JCHAIN    FAIL            pmids=                                   qa=18 qb=23
IMMUNE    TNC       FAIL            pmids=                                   qa=40 qb=47
ENDO      PECAM1    FAIL            pmids=                                   qa=43 qb=44
ENDO      CLDN5     FAIL            pmids=                                   qa=10 qb=11
ENDO      VWF       FAIL            pmids=                                   qa=61 qb=73
ENDO      CDH5      FAIL            pmids=                                   qa=21 qb=23
ENDO      KDR       FAIL            pmids=                                   qa=43 qb=47
ENDO      ESAM      FAIL            pmids=                                   qa=11 qb=13
ENDO      RAMP2     FAIL            pmids=                                   qa=5 qb=6
ENDO      FLT1      FAIL            pmids=                                   qa=26 qb=30
ENDO      RGS5      FAIL            pmids=                                   qa=4 qb=4
ENDO      CAV1      FAIL            pmids=                                   qa=27 qb=30
ENDO      PLVAP     FAIL            pmids=                                   qa=4 qb=5
ENDO      TIE1      FAIL            pmids=                                   qa=5 qb=5
NEUROGLIA PLP1      FAIL            pmids=                                   qa=9 qb=9
NEUROGLIA S100B     FAIL            pmids=                                   qa=180 qb=222
NEUROGLIA SOX10     TIER1           pmids=41887743                           qa=86 qb=99
NEUROGLIA MAG       FAIL            pmids=                                   qa=99 qb=130
NEUROGLIA ST8SIA3   FAIL            pmids=                                   qa=0 qb=0
NEUROGLIA NGFR      TIER1           pmids=41082926                           qa=24 qb=27
NEUROGLIA GFAP      FAIL            pmids=                                   qa=192 qb=214
NEUROGLIA S100A4    FAIL            pmids=                                   qa=38 qb=45
NEUROGLIA GAP43     FAIL            pmids=                                   qa=18 qb=20
NEUROGLIA PRPH      FAIL            pmids=                                   qa=3 qb=3
NEUROGLIA SNCG      FAIL            pmids=                                   qa=1 qb=2
NEUROGLIA PHOX2B    FAIL            pmids=                                   qa=12 qb=13
NEUROGLIA TUBB3     FAIL            pmids=                                   qa=30 qb=32
NEUROGLIA ELAVL4    FAIL            pmids=                                   qa=1 qb=1
STROMA    DCN       FAIL            pmids=                                   qa=45 qb=51
STROMA    LUM       FAIL            pmids=                                   qa=97 qb=114
STROMA    COL1A1    TIER-APPX       pmids=42718690                           qa=94 qb=107
STROMA    COL1A2    FAIL            pmids=                                   qa=99 qb=127
STROMA    FBN1      FAIL            pmids=                                   qa=20 qb=26
STROMA    PDGFRB    FAIL            pmids=                                   qa=67 qb=79
STROMA    MMP2      FAIL            pmids=                                   qa=102 qb=124
STROMA    POSTN     TIER1           pmids=41685325                           qa=31 qb=32
STROMA    PTGDS     FAIL            pmids=                                   qa=13 qb=17
STROMA    TWIST2    FAIL            pmids=                                   qa=4 qb=4
STROMA    FN1       FAIL            pmids=                                   qa=182 qb=257
STROMA    THY1      TIER1           pmids=38279208                           qa=32 qb=38
STROMA    LDLRAD4   FAIL            pmids=                                   qa=1 qb=1

=== group summary (Tier1 = main panel) ===
ACINAR: T1=2 ['PRB1', 'AQP5'] | T2=[] | APPX=['PIP'] → panel_unavailable
DUCT: T1=6 ['SPP1', 'PIGR', 'AQP1', 'KRT13', 'ANXA1', 'AQP5'] | T2=[] | APPX=['CFTR'] → OK
MYOEPITH: T1=5 ['ACTA2', 'MYH11', 'KRT5', 'KRT14', 'TP63'] | T2=[] | APPX=[] → OK
IMMUNE: T1=3 ['PTPRC', 'CD68', 'CCL5'] | T2=[] | APPX=[] → OK
ENDO: T1=0 [] | T2=[] | APPX=[] → panel_unavailable
NEUROGLIA: T1=2 ['SOX10', 'NGFR'] | T2=[] | APPX=[] → panel_unavailable
STROMA: T1=2 ['POSTN', 'THY1'] | T2=[] | APPX=['COL1A1'] → panel_unavailable
EXIT=0
