rule_c2 自测 PASS（o10 逐字）
truth 全样对账 PASS（=o10/k8 口径）
票面v2.1 复算 P1=26/33 与冻结件逐簇一致; 评估卷(RUN5) C2b 复算 P1=25/33
杠杆表 1653 行 → LEVERAGE_table_units.tsv
面板级 LOO → PANEL_LOO_donors.tsv
{
 "票面v2.1(oblig)": {
  "hit_units": 26,
  "units_flip_strict": 2,
  "units_flip_loose": 2,
  "pct_flip_strict": 7.69,
  "pct_flip_loose": 7.69,
  "flip_type_hist": {
   "shrink_out": 2
  },
  "n_donors_per_unit_med": 39,
  "panel_gatebreak_donors": [],
  "panel_min_p1": 25,
  "panel_p1_before": 26,
  "tier1_flag_units": 2,
  "tier2_panel_alarm": false,
  "tier2_flag_units": 0,
  "tier3_flag_units": 0
 },
 "评估卷(RUN5)": {
  "hit_units": 25,
  "units_flip_strict": 1,
  "units_flip_loose": 1,
  "pct_flip_strict": 4.0,
  "pct_flip_loose": 4.0,
  "flip_type_hist": {
   "shrink_out": 1
  },
  "n_donors_per_unit_med": 39,
  "panel_gatebreak_donors": [],
  "panel_min_p1": 24,
  "panel_p1_before": 25,
  "tier1_flag_units": 1,
  "tier2_panel_alarm": false,
  "tier2_flag_units": 0,
  "tier3_flag_units": 0
 }
}
Q1 DONE
