S2a MISMATCH Q7::17
S2a MISMATCH Q7::35
S2a MISMATCH Q7::38
S2a MISMATCH Q7::8
S2a MISMATCH Q7::6
S2a MISMATCH Q7::49
S2a MISMATCH Q7::34
S2a MISMATCH Q7::41
S2a MISMATCH Q7::43
S2a MISMATCH Q7::57
S2a MISMATCH Q7::19
S2a MISMATCH Q7::0
S2a MISMATCH Q7::36
S2a MISMATCH Q7::13
S2a MISMATCH Q7::52
S2a MISMATCH Q7::53
S2a MISMATCH Q7::32
S2a MISMATCH Q7::46
S2a MISMATCH Q7::33
S2a MISMATCH Q7::37
S2a MISMATCH Q7::7
S2a MISMATCH Q7::48
S2a MISMATCH Q7::62
S2a MISMATCH Q7::39
S2a MISMATCH Q7::47
S2a MISMATCH Q7::50
S2a MISMATCH Q7::58
S2a MISMATCH Q7::44
S2a MISMATCH Q7::20
S2a MISMATCH Q7::3
S2a MISMATCH Q7::64
S2a MISMATCH Q7::60
S2a MISMATCH Q7::42
S2a MISMATCH Q7::5
S2a MISMATCH Q7::63
S2a MISMATCH Q7::31
S2a MISMATCH Q7::11
S2a MISMATCH Q7::9
S2a MISMATCH Q7::14
S2a MISMATCH Q7::18
S2a 现役库重算==冻结digest: FAIL 40
Traceback (most recent call last):
  File "/mnt/D/EyeKB/plans/kbgov_b5impl_20260928/scripts/b506a_g1_hotspot_copy.py", line 70, in <module>
    assert bad==0
           ^^^^^^
AssertionError
