S2a MISMATCH Q1::8
S2a MISMATCH Q1::12
S2a MISMATCH Q1::10
S2a MISMATCH Q1::15
S2a MISMATCH Q1::16
S2a MISMATCH Q2::8
S2a MISMATCH Q2::7
S2a MISMATCH Q2::9
S2a MISMATCH Q2::6
S2a MISMATCH Q2::11
S2a MISMATCH Q2::13
S2a MISMATCH Q2::14
S2a MISMATCH Q2::27
S2a MISMATCH Q2::15
S2a MISMATCH Q2::5
S2a MISMATCH Q2::18
S2a MISMATCH Q2::21
S2a MISMATCH Q2::26
S2a MISMATCH Q3::0
S2a MISMATCH Q3::13
S2a MISMATCH Q3::15
S2a MISMATCH Q3::4
S2a MISMATCH Q3::5
S2a MISMATCH Q3::2
S2a MISMATCH Q3::9
S2a MISMATCH Q3::1
S2a MISMATCH Q3::11
S2a MISMATCH Q3::12
S2a MISMATCH Q4::16
S2a MISMATCH Q4::24
S2a MISMATCH Q4::0
S2a MISMATCH Q4::14
S2a MISMATCH Q4::18
S2a MISMATCH Q4::6
S2a MISMATCH Q4::23
S2a MISMATCH Q4::8
S2a MISMATCH Q4::27
S2a MISMATCH Q4::38
S2a MISMATCH Q4::9
S2a MISMATCH Q4::39
S2a MISMATCH Q4::4
S2a MISMATCH Q4::10
S2a MISMATCH Q4::11
S2a MISMATCH Q4::3
S2a MISMATCH Q4::31
S2a MISMATCH Q4::26
S2a MISMATCH Q4::7
S2a MISMATCH Q4::19
S2a MISMATCH Q4::25
S2a MISMATCH Q4::5
S2a MISMATCH Q4::29
S2a MISMATCH Q4::17
S2a MISMATCH Q4::12
S2a MISMATCH Q4::34
S2a MISMATCH Q5b::3
S2a MISMATCH Q5b::7
S2a MISMATCH Q5b::1
S2a MISMATCH Q5b::6
S2a MISMATCH Q5b::0
S2a MISMATCH Q5b::24
S2a MISMATCH Q5b::4
S2a MISMATCH Q5b::14
S2a MISMATCH Q5b::10
S2a MISMATCH Q5b::18
S2a MISMATCH Q5b::17
S2a MISMATCH Q5b::31
S2a MISMATCH Q5b::5
S2a MISMATCH Q5b::19
S2a MISMATCH Q5b::27
S2a MISMATCH Q5b::33
S2a MISMATCH Q5b::16
S2a MISMATCH Q5b::8
S2a MISMATCH Q5b::36
S2a MISMATCH Q5b::30
S2a MISMATCH Q5b::21
S2a MISMATCH Q5b::45
S2a MISMATCH Q5b::42
S2a MISMATCH Q5b::22
S2a MISMATCH Q5b::26
S2a MISMATCH Q5b::11
S2a MISMATCH Q5b::38
S2a MISMATCH Q5b::35
S2a MISMATCH Q5b::23
S2a MISMATCH Q5b::2
S2a MISMATCH Q5b::32
S2a MISMATCH Q5b::43
S2a MISMATCH Q5b::9
S2a MISMATCH Q5b::15
S2a MISMATCH Q5b::44
S2a MISMATCH Q5b::28
S2a MISMATCH Q5b::20
S2a MISMATCH Q5b::29
S2a MISMATCH Q5b::40
S2a MISMATCH Q5b::39
S2a MISMATCH Q6::21
S2a MISMATCH Q6::4
S2a MISMATCH Q6::2
S2a MISMATCH Q6::5
S2a MISMATCH Q6::3
S2a MISMATCH Q6::28
S2a MISMATCH Q6::8
S2a MISMATCH Q6::29
S2a MISMATCH Q6::32
S2a MISMATCH Q6::30
S2a MISMATCH Q7::17
S2a MISMATCH Q7::35
S2a MISMATCH Q7::38
S2a MISMATCH Q7::8
S2a MISMATCH Q7::6
S2a MISMATCH Q7::49
S2a MISMATCH Q7::34
S2a MISMATCH Q7::41
S2a MISMATCH Q7::43
S2a MISMATCH Q7::57
S2a MISMATCH Q7::19
S2a MISMATCH Q7::0
S2a MISMATCH Q7::36
S2a MISMATCH Q7::13
S2a MISMATCH Q7::52
S2a MISMATCH Q7::53
S2a MISMATCH Q7::32
S2a MISMATCH Q7::46
S2a MISMATCH Q7::33
S2a MISMATCH Q7::37
S2a MISMATCH Q7::7
S2a MISMATCH Q7::48
S2a MISMATCH Q7::62
S2a MISMATCH Q7::39
S2a MISMATCH Q7::47
S2a MISMATCH Q7::50
S2a MISMATCH Q7::58
S2a MISMATCH Q7::44
S2a MISMATCH Q7::20
S2a MISMATCH Q7::3
S2a MISMATCH Q7::64
S2a MISMATCH Q7::60
S2a MISMATCH Q7::42
S2a MISMATCH Q7::5
S2a MISMATCH Q7::63
S2a MISMATCH Q7::31
S2a MISMATCH Q7::11
S2a MISMATCH Q7::9
S2a MISMATCH Q7::14
S2a MISMATCH Q7::18
S2a MISMATCH Q8::4
S2a MISMATCH Q8::18
S2a MISMATCH Q8::6
S2a MISMATCH Q8::26
S2a MISMATCH Q8::29
S2a MISMATCH Q8::0
S2a MISMATCH Q8::9
S2a MISMATCH Q8::13
S2a MISMATCH Q8::31
S2a MISMATCH Q8::24
S2a MISMATCH Q8::3
S2a MISMATCH Q8::33
S2a MISMATCH Q8::11
S2a MISMATCH Q8::23
S2a MISMATCH Q8::7
S2a MISMATCH Q8::22
S2a MISMATCH Q8::20
S2a MISMATCH Q8::12
S2a MISMATCH Q8::8
S2a MISMATCH Q8::5
S2a MISMATCH Q8::32
S2a 现役库重算==冻结digest: FAIL 165
Traceback (most recent call last):
  File "/mnt/D/EyeKB/plans/kbgov_b5impl_20260928/scripts/b506a_g1_hotspot_copy.py", line 70, in <module>
    assert bad==0
           ^^^^^^
AssertionError
