[1] 0f7d022a_ocularsurface/9ddcf89a-1329-46a6-b476-d8d3de1f7051.h5ad n_obs=147484 label_like=author_cell_type;cell_type;cell_type_ontology_term_id;gene_annotation_version;ma err=
[2] D002_ocularsurface/D002_allcells_578K.h5ad n_obs=577857 label_like=author_cell_type;cell_type;cell_type_ontology_term_id;celltype_legency;gene_anno err=
[3] D002_ocularsurface/split/D002_adult_TGG4.h5ad n_obs=443267 label_like=author_cell_type;cell_type;cell_type_ontology_term_id;celltype_legency;donor_dev err=
[4] D002_ocularsurface/split/D002_dev_ocularsurface.h5ad n_obs=124040 label_like=author_cell_type;cell_type;cell_type_ontology_term_id;celltype_legency;donor_dev err=
[5] D002_ocularsurface/split/D002_merged_roundtrip.h5ad n_obs=577857 label_like=author_cell_type;cell_type;cell_type_ontology_term_id;celltype_legency;donor_dev err=
[6] D002_ocularsurface/split/D002_quarantine_chen.h5ad n_obs=10550 label_like=author_cell_type;cell_type;cell_type_ontology_term_id;celltype_legency;donor_dev err=
[7] GSE137400/lukowski2019_retina.h5ad n_obs=19694 label_like=author_cell_type;cell_type;cell_type_ontology_term_id err=
[8] GSE155288/GSE155288_annotated.h5ad n_obs=92385 label_like=author_cell_type;developmental_stage_class err=
[9] GSE164403/GSE164403_annotated.h5ad n_obs=3071 label_like= err=
[10] GSE183320/GSE183320_choroid.h5ad n_obs=30416 label_like=celltype err=
[11] GSE189770/GSE189770_RPE.h5ad n_obs=10074 label_like= err=
[12] GSE210543/GSE210543_relabeled.h5ad n_obs=23178 label_like=relabeled_by;relabeled_cell_type;relabeled_note;relabeled_rpe_score5;seurat_clus err=
[13] GSE210543/split/GSE210543_adult.h5ad n_obs=6786 label_like=relabeled_by;relabeled_cell_type;relabeled_note;relabeled_rpe_score5;seurat_clus err=
[14] GSE210543/split/GSE210543_fetal_PCW.h5ad n_obs=8214 label_like=relabeled_by;relabeled_cell_type;relabeled_note;relabeled_rpe_score5;seurat_clus err=
[15] GSE210543/split/GSE210543_merged_roundtrip.h5ad n_obs=23178 label_like=relabeled_by;relabeled_cell_type;relabeled_note;relabeled_rpe_score5;seurat_clus err=
[16] GSE210543/split/GSE210543_quarantine.h5ad n_obs=8178 label_like=relabeled_by;relabeled_cell_type;relabeled_note;relabeled_rpe_score5;seurat_clus err=
[17] GSE226108_cellxgene/GSE226108_12K.h5ad n_obs=11617 label_like=author_cell_type;cell_type;cell_type_ontology_term_id;mapped_reference_annotatio err=
[18] GSE226108_cellxgene/GSE226108_18K.h5ad n_obs=18011 label_like=author_cell_type;cell_type;cell_type_ontology_term_id;mapped_reference_annotatio err=
[19] GSE226108_cellxgene/GSE226108_21K.h5ad n_obs=21422 label_like=author_cell_type;cell_type;cell_type_ontology_term_id;mapped_reference_annotatio err=
[20] GSE226108_cellxgene/GSE226108_53K.h5ad n_obs=53040 label_like=author_cell_type;cell_type;cell_type_ontology_term_id;mapped_reference_annotatio err=
[21] GSE226108_cellxgene/GSE226108_56K.h5ad n_obs=56507 label_like=author_cell_type;cell_type;cell_type_ontology_term_id;mapped_reference_annotatio err=
[22] GSE226108_cellxgene/GSE226108_7K.h5ad n_obs=7348 label_like=author_cell_type;cell_type;cell_type_ontology_term_id;mapped_reference_annotatio err=
[23] GSE226108_cellxgene/GSE226108_main_244K.h5ad n_obs=244474 label_like=author_cell_type;cell_type;cell_type_ontology_term_id;mapped_reference_annotatio err=
[24] GSE243413/GSE243413_MouseRetinaAtlas_countmatrix.h5ad n_obs=361022 label_like= err=
[25] GSE243413/GSE243413_annotated.h5ad n_obs=361022 label_like=annotation_confidence;annotation_source;author_cell_type;cell_type;cell_type_ont err=
[26] GSE243413/official_annotation/MRCA_all_cells_annotated.h5ad n_obs=330930 label_like=author_cell_type;cell_type;cell_type_ontology_term_id;majorclass;subclass_label err=
[27] GSE265774/HRCA_snRNA_allcells_rawcounts.h5ad n_obs=3177310 label_like=AC_celltype_number;AC_cluster;AC_subclass;BC_subclass;RGC_celltype_number;RGC_cl err=
[28] GSE265774/HRCA_snRNA_allcells_rawcounts_latent.h5ad n_obs=3177310 label_like=AC_celltype_number;AC_cluster;AC_subclass;BC_subclass;RGC_celltype_number;RGC_cl err=
[29] GSE265774/query.h5ad n_obs=11531 label_like=majorclass err=
[30] GSE265774/query_latent.h5ad n_obs=11531 label_like=_scvi_labels;celltype;majorclass err=
[31] GSE268630/gse268630_cellxgene.h5ad n_obs=226506 label_like=author_cell_type;cell_type;cell_type_ontology_term_id;majorclass;mapped_referenc err=
[32] GSE289703/00ad64f9-ff32-445d-a51b-05e499fa3491.h5ad n_obs=566546 label_like=author_cell_type;cell_type;cell_type_ontology_term_id;gene_annotation_version;ma err=
[33] GSE289703/2c6ef9b1-9961-474d-ac4f-6a59296d5993.h5ad n_obs=212984 label_like=author_cell_type;cell_type;cell_type_ontology_term_id;gene_annotation_version err=
[34] GSE289703/469d0939-0439-4255-a9d0-e85a51770d01.h5ad n_obs=69244 label_like=author_cell_type;cell_type;cell_type_ontology_term_id;gene_annotation_version err=
[35] GSE289703/68493594-1bde-4b8b-8916-473a10caf035.h5ad n_obs=182151 label_like=author_cell_type;cell_type;cell_type_ontology_term_id;gene_annotation_version;ma err=
[36] GSE289703/79fa1bd5-eccd-43d3-a3f8-b1f3f6971b9e.h5ad n_obs=715619 label_like=author_cell_type;cell_type;cell_type_ontology_term_id;gene_annotation_version;ma err=
[37] GSE289703/fcf71676-322b-483a-a536-1b5fc61cb476.h5ad n_obs=99457 label_like=author_cell_type;cell_type;cell_type_ontology_term_id;gene_annotation_version err=
[38] HRA000728_tm_cb/HRA000728_tm_cb.h5ad n_obs=1102250 label_like=author_cell_type;cell_type;cell_type_ontology_term_id;gene_annotation_version;ma err=
[39] HRA006282_optic_nerve/HRA006282_optic_nerve.h5ad n_obs=959629 label_like=author_cell_type;cell_type;cell_type_ontology_term_id;gene_annotation_version;ma err=
[40] HRCA_cellxgene/HRCA_allcells_annotated.h5ad n_obs=3177310 label_like=AC_celltype_number;AC_cluster;AC_subclass;BC_subclass;RGC_celltype_number;RGC_cl err=
[41] MOUSE_FM_delivery_20260916/M3_harmony_v2_recluster_annotated.h5ad n_obs=421462 label_like=a_label;b12_label;leiden_cluster;reference_author_cell_type err=
[42] MOUSE_FM_delivery_20260916/N2_harmony.h5ad n_obs=932982 label_like=L1_cell_type;annotation_version;cell_label err=
[43] backlog_h5ad/GSE130636_GSM3745992_fovea_donor_1.h5ad n_obs=767 label_like=cluster_label err=
[44] backlog_h5ad/GSE130636_GSM3745993_fovea_donor_2.h5ad n_obs=2078 label_like=cluster_label err=
[45] backlog_h5ad/GSE130636_GSM3745994_fovea_donor_3.h5ad n_obs=733 label_like=cluster_label err=
[46] backlog_h5ad/GSE130636_GSM3745995_peripheral_donor_1.h5ad n_obs=1715 label_like=cluster_label err=
[47] backlog_h5ad/GSE130636_GSM3745996_peripheral_donor_2.h5ad n_obs=1427 label_like=cluster_label err=
[48] backlog_h5ad/GSE130636_GSM3745997_peripheral_donor_3.h5ad n_obs=1497 label_like=cluster_label err=
[49] backlog_h5ad/GSE137398_GSE137398_ONCRGCs_12h_afterCrush.h5ad n_obs=14720 label_like= err=
[50] backlog_h5ad/GSE137398_GSE137398_ONCRGCs_1d_afterCrush.h5ad n_obs=14627 label_like= err=
[51] backlog_h5ad/GSE137398_GSE137398_ONCRGCs_1w_afterCrush.h5ad n_obs=13701 label_like= err=
[52] backlog_h5ad/GSE137398_GSE137398_ONCRGCs_2d_afterCrush.h5ad n_obs=13906 label_like= err=
[53] backlog_h5ad/GSE137398_GSE137398_ONCRGCs_2w_afterCrush.h5ad n_obs=14189 label_like= err=
[54] backlog_h5ad/GSE137398_GSE137398_ONCRGCs_4d_afterCrush.h5ad n_obs=17216 label_like= err=
[55] backlog_h5ad/GSE137398_GSE137398_ONCRGCs_control.h5ad n_obs=17887 label_like= err=
[56] backlog_h5ad/GSE158629_GSM4804660_donor1.h5ad n_obs=6854 label_like= err=
[57] backlog_h5ad/GSE158629_GSM4804661_donor2.h5ad n_obs=1721 label_like= err=
[58] backlog_h5ad/GSE158629_GSM4804662_donor3.h5ad n_obs=1765 label_like= err=
[59] backlog_h5ad/GSE158629_GSM4804663_donor4.h5ad n_obs=1822 label_like= err=
[60] backlog_h5ad/GSE166173_GSM5065157_1_10PCW_Retina.h5ad n_obs=12991 label_like= err=
[61] backlog_h5ad/GSE166173_GSM5065158_2_21PCW_Retina.h5ad n_obs=23980 label_like= err=
[62] backlog_h5ad/GSE166173_GSM5065159_3_20PCW_Retina.h5ad n_obs=14734 label_like= err=
[63] backlog_h5ad/GSE166173_GSM5065160_4_15PCW_Retina.h5ad n_obs=6391 label_like= err=
[64] backlog_h5ad/GSE166173_GSM5065161_5_12PCW_Retina.h5ad n_obs=8445 label_like= err=
[65] backlog_h5ad/GSE166173_GSM5065162_6_16PCW_Retina.h5ad n_obs=10767 label_like= err=
[66] backlog_h5ad/GSE166173_GSM5065163_7_20PCW_Retina.h5ad n_obs=14794 label_like= err=
[67] backlog_h5ad/GSE166173_GSM5065164_8_4months_Normal_Tissue.h5ad n_obs=1449 label_like= err=
[68] backlog_h5ad/GSE166173_GSM5065165_9_4months_Retinoblastoma.h5ad n_obs=8967 label_like= err=
[69] backlog_h5ad/GSE166173_GSM5065166_10_2years_Normal_Tissue.h5ad n_obs=4198 label_like= err=
[70] backlog_h5ad/GSE166173_GSM5065167_11_2years_Retinoblastoma.h5ad n_obs=2550 label_like= err=
[71] backlog_h5ad/GSE166173_GSM5065168_12_16PCW_Retina.h5ad n_obs=1355 label_like= err=
[72] backlog_h5ad/GSE166173_GSM5065169_13_16PCW_Retina.h5ad n_obs=2040 label_like= err=
[73] backlog_h5ad/GSE166175_GSM5065157_1_10PCW_Retina.h5ad n_obs=12991 label_like= err=
[74] backlog_h5ad/GSE166175_GSM5065158_2_21PCW_Retina.h5ad n_obs=23980 label_like= err=
[75] backlog_h5ad/GSE166175_GSM5065159_3_20PCW_Retina.h5ad n_obs=14734 label_like= err=
[76] backlog_h5ad/GSE166175_GSM5065160_4_15PCW_Retina.h5ad n_obs=6391 label_like= err=
[77] backlog_h5ad/GSE166175_GSM5065161_5_12PCW_Retina.h5ad n_obs=8445 label_like= err=
[78] backlog_h5ad/GSE166175_GSM5065162_6_16PCW_Retina.h5ad n_obs=10767 label_like= err=
[79] backlog_h5ad/GSE166175_GSM5065163_7_20PCW_Retina.h5ad n_obs=None label_like= err=OSError: Unable to synchronously open file (bad object heade
[80] backlog_h5ad/GSE166175_GSM5065164_8_4months_Normal_Tissue.h5ad n_obs=1449 label_like= err=
[81] backlog_h5ad/GSE166175_GSM5065165_9_4months_Retinoblastoma.h5ad n_obs=8967 label_like= err=
[82] backlog_h5ad/GSE166175_GSM5065166_10_2years_Normal_Tissue.h5ad n_obs=4198 label_like= err=
[83] backlog_h5ad/GSE166175_GSM5065167_11_2years_Retinoblastoma.h5ad n_obs=2550 label_like= err=
[84] backlog_h5ad/GSE166175_GSM5065168_12_16PCW_Retina.h5ad n_obs=1355 label_like= err=
[85] backlog_h5ad/GSE166175_GSM5065169_13_16PCW_Retina.h5ad n_obs=2040 label_like= err=
[86] backlog_h5ad/GSE202146_GSM6098551.h5ad n_obs=2776 label_like= err=
[87] backlog_h5ad/GSE202146_GSM6098552.h5ad n_obs=10996 label_like= err=
[88] backlog_h5ad/GSE202146_GSM6098553.h5ad n_obs=1976 label_like= err=
[89] backlog_h5ad/GSE202146_GSM6098554.h5ad n_obs=7861 label_like= err=
[90] backlog_h5ad/GSE202146_GSM6098555.h5ad n_obs=9651 label_like= err=
[91] backlog_h5ad/GSE202146_GSM6098556.h5ad n_obs=6997 label_like= err=
[92] backlog_h5ad/GSE202146_GSM6098557.h5ad n_obs=3318 label_like= err=
[93] backlog_h5ad/GSE202146_GSM6098558.h5ad n_obs=12560 label_like= err=
[94] backlog_h5ad/GSE202146_GSM6098559.h5ad n_obs=5977 label_like= err=
[95] backlog_h5ad/GSE202146_GSM6098560.h5ad n_obs=10284 label_like= err=
[96] backlog_h5ad/GSE202146_GSM6098561.h5ad n_obs=3434 label_like= err=
[97] backlog_h5ad/GSE202146_GSM6098562.h5ad n_obs=13307 label_like= err=
[98] backlog_h5ad/GSE202146_GSM6098563.h5ad n_obs=4099 label_like= err=
[99] backlog_h5ad/GSE202146_GSM6098564.h5ad n_obs=10227 label_like= err=
[100] backlog_h5ad/GSE202146_GSM6098565.h5ad n_obs=15842 label_like= err=
[101] backlog_h5ad/GSE202146_GSM6098566.h5ad n_obs=14999 label_like= err=
[102] backlog_h5ad/GSE202146_GSM6098567.h5ad n_obs=17583 label_like= err=
[103] backlog_h5ad/GSE202146_GSM6098568.h5ad n_obs=14354 label_like= err=
[104] backlog_h5ad/GSE202146_GSM6098569.h5ad n_obs=12850 label_like= err=
[105] backlog_h5ad/GSE202146_GSM6098570.h5ad n_obs=3959 label_like= err=
[106] backlog_h5ad/GSE202146_GSM6098571.h5ad n_obs=7536 label_like= err=
[107] backlog_h5ad/GSE202146_GSM6098572.h5ad n_obs=1531 label_like= err=
[108] backlog_h5ad/GSE202146_GSM6098573.h5ad n_obs=12506 label_like= err=
[109] backlog_h5ad/GSE202146_GSM6098574.h5ad n_obs=9714 label_like= err=
[110] backlog_h5ad/GSE202146_GSM6098575.h5ad n_obs=11245 label_like= err=
[111] backlog_h5ad/GSE202146_GSM6098576.h5ad n_obs=4712 label_like= err=
[112] backlog_h5ad/GSE202146_GSM6098577.h5ad n_obs=11034 label_like= err=
[113] backlog_h5ad/GSE202146_GSM6098578.h5ad n_obs=10338 label_like= err=
[114] backlog_h5ad/GSE202146_GSM6098579.h5ad n_obs=10640 label_like= err=
[115] backlog_h5ad/GSE202146_GSM6098580.h5ad n_obs=6452 label_like= err=
[116] backlog_h5ad/GSE202146_GSM6098581.h5ad n_obs=7780 label_like= err=
[117] backlog_h5ad/GSE202146_GSM6098582.h5ad n_obs=7129 label_like= err=
[118] backlog_h5ad/GSE202146_GSM6098583.h5ad n_obs=8986 label_like= err=
[119] backlog_h5ad/GSE229166_GSE229166_AC_uveitis.h5ad n_obs=15595 label_like= err=
[120] backlog_h5ad/GSE234963_GSM7486861_14149.1_Retina.h5ad n_obs=1152 label_like= err=
[121] backlog_h5ad/GSE234963_GSM7486862_14149.2_Retina.h5ad n_obs=1734 label_like= err=
[122] backlog_h5ad/GSE234963_GSM7486863_14556_Retina.h5ad n_obs=1100 label_like= err=
[123] backlog_h5ad/GSE234963_GSM7486864_14601.fixed_Eye.h5ad n_obs=4264 label_like= err=
[124] backlog_h5ad/GSE234963_GSM7486865_14601_Eye.h5ad n_obs=4848 label_like= err=
[125] backlog_h5ad/GSE234963_GSM7486866_14713_Retina.h5ad n_obs=7650 label_like= err=
[126] backlog_h5ad/GSE234963_GSM7486867_14713_Eye.h5ad n_obs=7855 label_like= err=
[127] backlog_h5ad/GSE234963_GSM7486868_14849_Eye.h5ad n_obs=6046 label_like= err=
[128] backlog_h5ad/GSE234963_GSM7486869_14680_Retina.h5ad n_obs=6346 label_like= err=
[129] backlog_h5ad/GSE234963_GSM7486870_14611_Retina.h5ad n_obs=5305 label_like= err=
[130] backlog_h5ad/GSE234963_GSM7486871_15183_Retina.h5ad n_obs=11524 label_like= err=
[131] backlog_h5ad/GSE234963_GSM7486872_15189.1_Eye.h5ad n_obs=8815 label_like= err=
[132] backlog_h5ad/GSE234963_GSM7486873_15189.2_Eye.h5ad n_obs=7470 label_like= err=
[133] backlog_h5ad/GSE234963_GSM7486874_15184_Retina.h5ad n_obs=19477 label_like= err=
[134] backlog_h5ad/GSE234963_GSM7486875_15222_Eye.h5ad n_obs=4713 label_like= err=
[135] backlog_h5ad/GSE234963_GSM7486876_15220_Eye.h5ad n_obs=4652 label_like= err=
[136] backlog_h5ad/GSE234963_GSM7486877_10PCW_23_2020_Retina.h5ad n_obs=10078 label_like= err=
[137] backlog_h5ad/GSE234963_GSM7486878_15046_Eye.h5ad n_obs=1692 label_like= err=
[138] backlog_h5ad/GSE234963_GSM7486879_14817_Eye.h5ad n_obs=5480 label_like= err=
[139] backlog_h5ad/GSE234963_GSM7486880_15232_Retina.h5ad n_obs=14846 label_like= err=
[140] backlog_h5ad/GSE234963_GSM7486881_14Ret08102020_Retina.h5ad n_obs=12291 label_like= err=
[141] backlog_h5ad/GSE234963_GSM7486882_15221_Retina.h5ad n_obs=12872 label_like= err=
[142] backlog_h5ad/GSE234963_GSM7486883_15278_Eye.h5ad n_obs=5668 label_like= err=
[143] backlog_h5ad/GSE234963_GSM7486884_15700_Retina.h5ad n_obs=10971 label_like= err=
[144] backlog_h5ad/GSE235577_GSM7505690_D10.h5ad n_obs=10930 label_like= err=
[145] backlog_h5ad/GSE235577_GSM7505691_D150.h5ad n_obs=2935 label_like= err=
[146] backlog_h5ad/GSE235577_GSM7505692_D20.h5ad n_obs=6630 label_like= err=
[147] backlog_h5ad/GSE235577_GSM7505693_D210.h5ad n_obs=3212 label_like= err=
[148] backlog_h5ad/GSE235577_GSM7505694_D33.h5ad n_obs=5830 label_like= err=
[149] backlog_h5ad/GSE235577_GSM7505695_D45.h5ad n_obs=7852 label_like= err=
[150] backlog_h5ad/GSE235577_GSM7505696_D60.h5ad n_obs=8231 label_like= err=
[151] backlog_h5ad/GSE235577_GSM7505697_D90.h5ad n_obs=6562 label_like= err=
[152] incoming/HRA/HRA000728_tm_cb.h5ad n_obs=1102250 label_like=author_cell_type;cell_type;cell_type_ontology_term_id;gene_annotation_version;ma err=
[153] incoming/HRA/HRA006282_optic_nerve.h5ad n_obs=959629 label_like=author_cell_type;cell_type;cell_type_ontology_term_id;gene_annotation_version;ma err=
[154] shekhar_annotated/cow_bos_taurus_annotated.h5ad n_obs=90686 label_like=shekhar_class;shekhar_cluster err=
[155] shekhar_annotated/ferret_mustela_putorius_annotated.h5ad n_obs=50811 label_like=shekhar_class;shekhar_cluster err=
[156] shekhar_annotated/human_homo_sapiens_annotated.h5ad n_obs=180093 label_like=shekhar_class;shekhar_cluster err=
[157] shekhar_annotated/lizard_anolis_sagrei_annotated.h5ad n_obs=80745 label_like=shekhar_class;shekhar_cluster err=
[158] shekhar_annotated/marmoset_callithrix_jacchus_annotated.h5ad n_obs=58097 label_like=shekhar_class;shekhar_cluster err=
[159] shekhar_annotated/opossum_didelphis_marsupialis_annotated.h5ad n_obs=90317 label_like=shekhar_class;shekhar_cluster err=
[160] shekhar_annotated/peromyscus_peromyscus_maniculatus_annotated.h5ad n_obs=47164 label_like=shekhar_class;shekhar_cluster err=
[161] shekhar_annotated/pig_sus_scrofa_annotated.h5ad n_obs=71103 label_like=shekhar_class;shekhar_cluster err=
[162] shekhar_annotated/rhabdomys_rhabdomys_pumilio_annotated.h5ad n_obs=69689 label_like=shekhar_class;shekhar_cluster err=
[163] shekhar_annotated/sheep_ovis_aries_annotated.h5ad n_obs=72114 label_like=shekhar_class;shekhar_cluster err=
[164] shekhar_annotated/squirrel_ictidomys_tridecemlineatus_annotated.h5ad n_obs=23993 label_like=shekhar_class;shekhar_cluster err=
[165] shekhar_annotated/treeshrew_tupaia_belangeri_annotated.h5ad n_obs=81900 label_like=shekhar_class;shekhar_cluster err=
[166] shekhar_annotated/zebrafish_danio_rerio_annotated.h5ad n_obs=80321 label_like=shekhar_class;shekhar_cluster err=
[167] shekhar_h5ad/GSE237202_cow_bos_taurus.h5ad n_obs=92649 label_like= err=
[168] shekhar_h5ad/GSE237203_ferret_mustela_putorius.h5ad n_obs=64000 label_like= err=
[169] shekhar_h5ad/GSE237204_human_homo_sapiens.h5ad n_obs=184808 label_like= err=
[170] shekhar_h5ad/GSE237205_lizard_anolis_sagrei.h5ad n_obs=171730 label_like= err=
[171] shekhar_h5ad/GSE237206_marmoset_callithrix_jacchus.h5ad n_obs=64000 label_like= err=
[172] shekhar_h5ad/GSE237207_opossum_didelphis_marsupialis.h5ad n_obs=90328 label_like= err=
[173] shekhar_h5ad/GSE237208_peromyscus_peromyscus_maniculatus.h5ad n_obs=47167 label_like= err=
[174] shekhar_h5ad/GSE237209_pig_sus_scrofa.h5ad n_obs=88000 label_like= err=
[175] shekhar_h5ad/GSE237210_rhabdomys_rhabdomys_pumilio.h5ad n_obs=69744 label_like= err=
[176] shekhar_h5ad/GSE237211_sheep_ovis_aries.h5ad n_obs=74111 label_like= err=
[177] shekhar_h5ad/GSE237212_squirrel_ictidomys_tridecemlineatus.h5ad n_obs=23999 label_like= err=
[178] shekhar_h5ad/GSE237213_treeshrew_tupaia_belangeri.h5ad n_obs=81902 label_like= err=
[179] shekhar_h5ad/GSE237214_zebrafish_danio_rerio.h5ad n_obs=150535 label_like= err=
[180] tier1_h5ad/GSE130636_raw.h5ad n_obs=8217 label_like=cluster_label err=
[181] tier1_h5ad/GSE137398_raw.h5ad n_obs=106246 label_like= err=
[182] tier1_h5ad/GSE158629_raw.h5ad n_obs=12162 label_like= err=
[183] tier1_h5ad/GSE166173_raw.h5ad n_obs=112661 label_like= err=
[184] tier1_h5ad/GSE166175_raw.h5ad n_obs=112661 label_like= err=
[185] tier1_h5ad/GSE229166_raw.h5ad n_obs=37672 label_like= err=
[186] tier1_h5ad/GSE234963_raw.h5ad n_obs=176849 label_like= err=
[187] train_splits_v2/choroid_train.h5ad n_obs=37792 label_like=cell_type;celltype;relabeled_by;relabeled_cell_type;relabeled_note;relabeled_rpe err=
[188] train_splits_v2/ocularsurface_train.h5ad n_obs=541493 label_like=author_cell_type;cell_type;cell_type_ontology_term_id;celltype_legency;gene_anno err=
[189] train_splits_v2/retina_train.h5ad n_obs=2620830 label_like=celltype;majorclass err=
[190] train_splits_v2/rpe_train.h5ad n_obs=8029 label_like=cell_type;relabeled_by;relabeled_cell_type;relabeled_note;relabeled_rpe_score5;s err=
[191] train_splits_v2/_bak_varindex/choroid_train.h5ad n_obs=37792 label_like=cell_type;celltype;relabeled_by;relabeled_cell_type;relabeled_note;relabeled_rpe err=
[192] train_splits_v2/_bak_varindex/choroid_train_premerge.h5ad n_obs=37792 label_like=cell_type;celltype;relabeled_by;relabeled_cell_type;relabeled_note;relabeled_rpe err=
[193] train_splits_v2/_bak_varindex/rpe_train.h5ad n_obs=8029 label_like=cell_type;relabeled_by;relabeled_cell_type;relabeled_note;relabeled_rpe_score5;s err=

DONE rows=193 -> <EYEKB>/plans/seurat_probe_20260928/tables/phase0_h5ad_inventory.tsv
