37287642 [C8ORF76(retina)] OA=Y xml=ok(85079B) ch=direct cum=0.09MB
30572641 [C8ORF76(retina)] OA=Y xml=ok(130000B) ch=proxy cum=0.22MB
41193841 [COL19A1(retina)] OA=Y xml=ok(65536B) ch=proxy cum=0.28MB
42428548 [COL19A1(retina)] OA=Y xml=ok(189343B) ch=proxy cum=0.47MB
38003067 [FAM107B(retina)] OA=Y xml=ok(238760B) ch=direct cum=0.71MB
42074142 [FAM107B(retina)] OA=Y xml=ok(322283B) ch=direct cum=1.03MB
36614039 [SLC24A3(retina)] OA=Y xml=ok(225287B) ch=proxy cum=1.26MB
38731230 [SLC24A3(retina)] OA=Y xml=ok(406997B) ch=proxy cum=1.66MB
42136961 [SSR4(membrane)] OA=Y xml=ok(99619B) ch=direct cum=1.76MB
38612470 [SSR4(membrane)] OA=Y xml=ok(319912B) ch=proxy cum=2.08MB
42330349 [XCR1(membrane)] OA=Y xml=ok(151709B) ch=direct cum=2.23MB
42724236 [XCR1(membrane)] OA=Y xml=ok(151352B) ch=direct cum=2.39MB
41014753 [ZNF804B(retina)] OA=Y xml=ok(124718B) ch=proxy cum=2.51MB
34529728 [ZNF804B(retina)] OA=Y xml=ok(140464B) ch=proxy cum=2.65MB
39228105 [DERL3(membrane),SIGLEC11(membr] OA=Y xml=ok(225183B) ch=direct cum=2.88MB
40520596 [ADARB2(retina),GABRA5(retina)] OA=Y xml=ok(214004B) ch=direct cum=3.09MB
39164496 [DGKB(retina),DOCK10(retina)] OA=Y xml=ok(160142B) ch=proxy cum=3.25MB
41010507 [GABRA5(retina),IGSF21(retina)] OA=Y xml=ok(205706B) ch=direct cum=3.46MB
39541108 [GFRA2(retina),GLCE(retina)] OA=Y xml=ok(156302B) ch=direct cum=3.61MB
39630030 [GLCE(retina),HS3ST4(retina)] OA=Y xml=ok(297818B) ch=direct cum=3.91MB
42318797 [KHDRBS3(retina),RAPGEF5(retina] OA=Y xml=ok(489648B) ch=proxy cum=4.40MB
40151640 [ADARB2(retina)] OA=Y xml=ok(164936B) ch=proxy cum=4.56MB
42636350 [AK5(retina)] OA=Y xml=ok(194156B) ch=proxy cum=4.76MB
35300368 [AK5(retina)] OA=Y xml=ok(192211B) ch=proxy cum=4.95MB
40646788 [B3GAT2(retina)] OA=Y xml=ok(184969B) ch=proxy cum=5.14MB
41462664 [BEGAIN(retina)] OA=Y xml=ok(305892B) ch=proxy cum=5.44MB
31161422 [BEGAIN(retina)] OA=Y xml=ok(107125B) ch=proxy cum=5.55MB
41224955 [CAMK2A(retina)] OA=Y xml=ok(109301B) ch=proxy cum=5.66MB
32867129 [CAMKV(retina)] OA=Y xml=ok(299979B) ch=proxy cum=5.96MB
40947010 [CAMKV(retina)] OA=Y xml=ok(213157B) ch=proxy cum=6.17MB
41708780 [CD5L(membrane)] OA=Y xml=ok(171139B) ch=proxy cum=6.34MB
41744810 [CD5L(membrane)] OA=Y xml=ok(119910B) ch=proxy cum=6.46MB
42397694 [CLEC10A(membrane)] OA=Y xml=ok(289624B) ch=proxy cum=6.75MB
40060903 [CLEC10A(membrane)] OA=Y xml=ok(153847B) ch=proxy cum=6.91MB
38156998 [CLEC1A(retina)] OA=Y xml=ok(249291B) ch=proxy cum=7.16MB
42311785 [CLEC4C(membrane)] OA=Y xml=ok(198344B) ch=proxy cum=7.35MB
42276015 [CMYA5(retina)] OA=Y xml=ok(238853B) ch=proxy cum=7.59MB
36207342 [CPNE5(retina)] OA=Y xml=ok(165936B) ch=proxy cum=7.76MB
42017663 [DERL3(membrane)] OA=Y xml=ok(143351B) ch=proxy cum=7.90MB
37213234 [DGKB(retina)] OA=Y xml=ok(202753B) ch=proxy cum=8.10MB
40188093 [DOCK10(retina)] OA=Y xml=ok(195117B) ch=proxy cum=8.30MB
42758005 [DOCK2(retina)] OA=Y xml=ok(229213B) ch=proxy cum=8.53MB
42528538 [DOCK2(retina)] OA=Y xml=ok(127950B) ch=direct cum=8.66MB
39062975 [ELANE(membrane)] OA=Y xml=ok(143665B) ch=proxy cum=8.80MB
42453126 [ELANE(membrane)] OA=Y xml=ok(234914B) ch=proxy cum=9.04MB
37180776 [FAM171B(retina)] OA=Y xml=ok(109762B) ch=proxy cum=9.15MB
34794440 [FAM171B(retina)] OA=Y xml=ok(220150B) ch=proxy cum=9.37MB
40785550 [FGFBP2(membrane)] OA=Y xml=ok(278614B) ch=proxy cum=9.64MB
41194198 [FGFBP2(membrane)] OA=Y xml=ok(156366B) ch=proxy cum=9.80MB
34502527 [GFRA2(retina)] OA=Y xml=ok(179534B) ch=proxy cum=9.98MB
39628560 [GJA10(retina)] OA=Y xml=ok(151204B) ch=proxy cum=10.13MB
35444239 [GJA10(retina)] OA=Y xml=ok(105089B) ch=proxy cum=10.24MB
39885670 [GPR34(membrane)] OA=Y xml=ok(285882B) ch=proxy cum=10.52MB
41227304 [GREB1L(retina)] OA=Y xml=ok(239409B) ch=proxy cum=10.76MB
38351681 [GREB1L(retina)] OA=Y xml=ok(68985B) ch=proxy cum=10.83MB
41938695 [HIGD1B(membrane)] OA=Y xml=ok(291285B) ch=proxy cum=11.12MB
35005108 [HS3ST4(retina)] OA=Y xml=ok(265879B) ch=proxy cum=11.39MB
40866756 [IGSF21(retina)] OA=Y xml=ok(574730B) ch=proxy cum=11.96MB
38438733 [KHDRBS3(retina)] OA=Y xml=ok(212110B) ch=proxy cum=12.17MB
41495483 [KLRF1(membrane)] OA=Y xml=ok(225490B) ch=proxy cum=12.40MB
40211281 [LGMN(membrane)] OA=Y xml=ok(122199B) ch=proxy cum=12.52MB
41907140 [LGMN(membrane)] OA=Y xml=ok(256923B) ch=proxy cum=12.78MB
40868918 [LILRA4(membrane)] OA=Y xml=ok(144298B) ch=proxy cum=12.92MB
38716077 [LILRA4(membrane)] OA=Y xml=ok(146695B) ch=proxy cum=13.07MB
39863103 [LNX1(retina)] OA=Y xml=ok(382026B) ch=proxy cum=13.45MB
42218382 [LNX1(retina)] OA=Y xml=ok(198457B) ch=proxy cum=13.65MB
42010735 [MNDA(membrane)] OA=Y xml=ok(170375B) ch=proxy cum=13.82MB
40299722 [MNDA(membrane)] OA=Y xml=ok(301775B) ch=proxy cum=14.12MB
40924455 [NAT16(retina)] OA=Y xml=ok(161657B) ch=proxy cum=14.28MB
42421968 [NCR3(membrane)] OA=Y xml=ok(275976B) ch=proxy cum=14.56MB
42633379 [NCR3(membrane)] OA=Y xml=ok(442434B) ch=proxy cum=15.00MB
41390476 [OLFML3(membrane)] OA=Y xml=ok(256914B) ch=proxy cum=15.26MB
39929889 [PCDH11X(retina)] OA=Y xml=ok(206972B) ch=proxy cum=15.47MB
42311937 [PCDH11X(retina)] OA=Y xml=ok(90179B) ch=proxy cum=15.56MB
40905150 [PCSK6(retina)] OA=Y xml=ok(118750B) ch=proxy cum=15.68MB
41751104 [PCSK6(retina)] OA=Y xml=ok(301160B) ch=proxy cum=15.98MB
41359379 [PLD4(membrane)] OA=Y xml=ok(280917B) ch=proxy cum=16.26MB
35565057 [PLD4(membrane)] OA=Y xml=ok(318161B) ch=proxy cum=16.58MB
42088622 [S100A12(membrane)] OA=Y xml=ok(166777B) ch=proxy cum=16.74MB
39774261 [S100A12(membrane)] OA=Y xml=ok(157388B) ch=proxy cum=16.90MB
39286668 [SESTD1(retina)] OA=Y xml=ok(108706B) ch=proxy cum=17.01MB
38731826 [SESTD1(retina)] OA=Y xml=ok(173720B) ch=proxy cum=17.18MB
36833422 [SIGLEC11(membrane)] OA=Y xml=ok(196674B) ch=proxy cum=17.38MB
32423062 [SIGLEC11(retina)] OA=Y xml=ok(272316B) ch=proxy cum=17.65MB
40524449 [SKAP1(membrane)] OA=Y xml=ok(148181B) ch=proxy cum=17.80MB
42494142 [SLC35F3(retina)] OA=Y xml=ok(150680B) ch=proxy cum=17.95MB
42533102 [SNTG1(retina)] OA=Y xml=ok(187330B) ch=proxy cum=18.14MB
36975205 [SNTG1(retina)] OA=Y xml=ok(192046B) ch=proxy cum=18.33MB
41120831 [TMEM132C(retina)] OA=Y xml=ok(339848B) ch=proxy cum=18.67MB
36198871 [TMEM132C(retina)] OA=Y xml=ok(214128B) ch=proxy cum=18.88MB
42221844 [TMEM196(retina)] OA=Y xml=ok(171451B) ch=proxy cum=19.06MB
24837086 [TMEM196(retina)] OA=Y xml=ok(169362B) ch=proxy cum=19.22MB
40386178 [TRBC2(membrane)] OA=Y xml=ok(102955B) ch=proxy cum=19.33MB
28669898 [CACNG7(retina)] OA=N xml=abs_only_lane(0B) ch=- cum=19.33MB
31783119 [CACNG7(retina)] OA=N xml=abs_only_lane(0B) ch=- cum=19.33MB
39927770 [CLEC1A(retina)] OA=N xml=abs_only_lane(0B) ch=- cum=19.33MB
39303842 [CNTN5(retina)] OA=N xml=abs_only_lane(0B) ch=- cum=19.33MB
30866042 [CPNE5(retina)] OA=N xml=abs_only_lane(0B) ch=- cum=19.33MB
42537647 [HIGD1B(membrane)] OA=N xml=abs_only_lane(0B) ch=- cum=19.33MB
37807874 [PIK3R5(retina)] OA=N xml=abs_only_lane(0B) ch=- cum=19.33MB
40399499 [RAPGEF5(retina)] OA=N xml=abs_only_lane(0B) ch=- cum=19.33MB
39608565 [SLC4A3(retina)] OA=N xml=abs_only_lane(0B) ch=- cum=19.33MB
39353729 [TRBC2(membrane)] OA=N xml=abs_only_lane(0B) ch=- cum=19.33MB
DONE n=103 total=19.33MB cap_hit=False
