[esummary] batch 0 ok, mapped=180
[esummary] batch 1 ok, mapped=360
[esummary] batch 2 ok, mapped=540
[esummary] batch 3 ok, mapped=720
[esummary] batch 4 ok, mapped=900
[esummary] batch 5 ok, mapped=1080
[esummary] batch 6 ok, mapped=1260
[esummary] batch 7 ok, mapped=1440
[esummary] batch 8 ok, mapped=1620
[esummary] batch 9 ok, mapped=1800
[esummary] batch 10 ok, mapped=1980
[esummary] batch 11 ok, mapped=2160
[esummary] batch 12 ok, mapped=2340
[esummary] batch 13 ok, mapped=2520
[esummary] batch 14 ok, mapped=2700
[esummary] batch 15 ok, mapped=2877
PASS1 done: 2877/2877 eutils-resolved
[epmc] batch 0 ok, mapped=40
[epmc] batch 1 ok, mapped=79
[epmc] batch 2 ok, mapped=119
[epmc] batch 3 ok, mapped=159
[epmc] batch 4 ok, mapped=199
[epmc] batch 5 ok, mapped=239
[epmc] batch 6 ok, mapped=279
[epmc] batch 7 ok, mapped=319
[epmc] batch 8 ok, mapped=359
[epmc] batch 9 ok, mapped=399
[epmc] batch 10 ok, mapped=439
[epmc] batch 11 ok, mapped=479
[epmc] batch 12 ok, mapped=519
[epmc] batch 13 ok, mapped=559
[epmc] batch 14 ok, mapped=599
[epmc] batch 15 ok, mapped=639
[epmc] batch 16 ok, mapped=679
[epmc] batch 17 ok, mapped=719
[epmc] batch 18 ok, mapped=759
[epmc] batch 19 ok, mapped=799
[epmc] batch 20 ok, mapped=839
[epmc] batch 21 ok, mapped=879
[epmc] batch 22 ok, mapped=919
[epmc] batch 23 ok, mapped=959
[epmc] batch 24 ok, mapped=999
[epmc] batch 25 ok, mapped=1039
[epmc] batch 26 ok, mapped=1079
[epmc] batch 27 ok, mapped=1119
[epmc] batch 28 ok, mapped=1159
[epmc] batch 29 ok, mapped=1199
[epmc] batch 30 ok, mapped=1239
[epmc] batch 31 ok, mapped=1279
[epmc] batch 32 ok, mapped=1319
[epmc] batch 33 ok, mapped=1359
[epmc] batch 34 ok, mapped=1399
[epmc] batch 35 ok, mapped=1439
[epmc] batch 36 ok, mapped=1479
[epmc] batch 37 ok, mapped=1519
[epmc] batch 38 ok, mapped=1559
[epmc] batch 39 ok, mapped=1599
[epmc] batch 40 ok, mapped=1639
[epmc] batch 41 ok, mapped=1679
[epmc] batch 42 ok, mapped=1719
[epmc] batch 43 ok, mapped=1759
[epmc] batch 44 ok, mapped=1799
[epmc] batch 45 ok, mapped=1839
[epmc] batch 46 ok, mapped=1879
[epmc] batch 47 ok, mapped=1919
[epmc] batch 48 ok, mapped=1959
[epmc] batch 49 ok, mapped=1999
[epmc] batch 50 ok, mapped=2039
[epmc] batch 51 ok, mapped=2079
[epmc] batch 52 ok, mapped=2119
[epmc] batch 53 ok, mapped=2159
[epmc] batch 54 ok, mapped=2199
[epmc] batch 55 ok, mapped=2239
[epmc] batch 56 ok, mapped=2279
[epmc] batch 57 ok, mapped=2319
[epmc] batch 58 ok, mapped=2359
[epmc] batch 59 ok, mapped=2399
[epmc] batch 60 ok, mapped=2439
[epmc] batch 61 ok, mapped=2479
[epmc] batch 62 ok, mapped=2519
[epmc] batch 63 ok, mapped=2559
[epmc] batch 64 ok, mapped=2599
[epmc] batch 65 ok, mapped=2639
[epmc] batch 66 ok, mapped=2679
[epmc] batch 67 ok, mapped=2719
[epmc] batch 68 ok, mapped=2759
[epmc] batch 69 ok, mapped=2798
[epmc] batch 70 ok, mapped=2838
[epmc] batch 71 ok, mapped=2874
PASS2 done: epmc=2874, merged=2877, unresolved=0
EXIT=0
