16395610 OA=N pmcid=- xml=no_pmcid(0B) preprint=False species=human
26173177 OA=N pmcid=- xml=no_pmcid(0B) preprint=False species=human
32290826 OA=Y pmcid=PMC7155274 xml=ok(87064B) preprint=False species=human
33929509 OA=N pmcid=PMC8126413 xml=ERR:HTTP Error 500: (0B) preprint=False species=other
34249897 OA=Y pmcid=PMC8267526 xml=ok(97826B) preprint=False species=other
35721135 OA=Y pmcid=PMC9198296 xml=ok(247950B) preprint=False species=both
36230967 OA=Y pmcid=PMC9563658 xml=ok(228572B) preprint=False species=human
36266625 OA=Y pmcid=PMC9583547 xml=ok(238354B) preprint=False species=human
37025170 OA=Y pmcid=PMC10070846 xml=ok(254317B) preprint=False species=both
37137886 OA=Y pmcid=PMC10156752 xml=ok(137963B) preprint=False species=human
37181651 OA=Y pmcid=PMC10172487 xml=ok(363032B) preprint=False species=other
37328058 OA=Y pmcid=PMC11156608 xml=ok(194047B) preprint=False species=both
37591874 OA=Y pmcid=PMC10435465 xml=ok(199798B) preprint=False species=mouse
37894748 OA=Y pmcid=PMC10606920 xml=ok(164894B) preprint=False species=other
38045700 OA=Y pmcid=PMC10690618 xml=ok(192073B) preprint=False species=both
38067097 OA=Y pmcid=PMC10705168 xml=ok(389479B) preprint=False species=human
38914302 OA=N pmcid=PMC11250724 xml=ERR:HTTP Error 500: (0B) preprint=False species=human
39317184 OA=Y pmcid=PMC11602199 xml=ok(258529B) preprint=False species=mouse
39806101 OA=Y pmcid=PMC11833098 xml=ok(225800B) preprint=False species=both
40001930 OA=Y pmcid=PMC11851448 xml=ok(204949B) preprint=False species=other
40210893 OA=Y pmcid=PMC11985914 xml=ok(132467B) preprint=False species=both
40444179 OA=Y pmcid=PMC12121362 xml=ok(463865B) preprint=False species=other
40595645 OA=Y pmcid=PMC12219266 xml=ok(289522B) preprint=False species=human
40604065 OA=Y pmcid=PMC12223112 xml=ok(219269B) preprint=False species=mouse
40867565 OA=Y pmcid=PMC12383506 xml=ok(207739B) preprint=False species=human
40937643 OA=Y pmcid=PMC12718711 xml=ok(110203B) preprint=False species=human
41026912 OA=N pmcid=PMC7619124 xml=ERR:HTTP Error 500: (0B) preprint=False species=human
41097990 OA=Y pmcid=PMC12532357 xml=ok(126651B) preprint=False species=both
41146943 OA=Y pmcid=PMC12553910 xml=ok(145446B) preprint=False species=other
41162502 OA=Y pmcid=PMC12572168 xml=ok(183143B) preprint=False species=human
41326763 OA=Y pmcid=PMC12775197 xml=ok(207005B) preprint=False species=both
41409301 OA=Y pmcid=PMC12705592 xml=ok(205175B) preprint=False species=human
41418782 OA=Y pmcid=PMC12925966 xml=ok(134378B) preprint=False species=human
41440117 OA=Y pmcid=PMC12730698 xml=ok(307181B) preprint=False species=human
41516124 OA=Y pmcid=PMC12786051 xml=ok(368386B) preprint=False species=human
41533905 OA=Y pmcid=PMC12786397 xml=ok(135670B) preprint=False species=human
41596760 OA=Y pmcid=PMC12841848 xml=ok(557098B) preprint=False species=human
41657945 OA=Y pmcid=PMC12874447 xml=ok(456060B) preprint=False species=other
41670256 OA=Y pmcid=PMC12893027 xml=ok(164465B) preprint=False species=other
41787658 OA=Y pmcid=PMC13006953 xml=ok(113684B) preprint=False species=human
41853890 OA=N pmcid=PMC13489529 xml=ERR:HTTP Error 500: (0B) preprint=False species=human
41953651 OA=Y pmcid=PMC13056012 xml=ok(228523B) preprint=False species=human
41987275 OA=Y pmcid=PMC13130571 xml=ok(424643B) preprint=False species=human
42021381 OA=Y pmcid=PMC13238117 xml=ok(153587B) preprint=False species=human
42059276 OA=Y pmcid=PMC13129936 xml=ok(196132B) preprint=False species=human
42095275 OA=Y pmcid=PMC13326524 xml=ok(872867B) preprint=False species=human
42100732 OA=Y pmcid=PMC13148036 xml=ok(304259B) preprint=False species=human
42152388 OA=Y pmcid=PMC13183099 xml=ok(109754B) preprint=False species=human
42173563 OA=N pmcid=PMC13519944 xml=ERR:HTTP Error 500: (0B) preprint=False species=human
42191868 OA=Y pmcid=PMC13486718 xml=ok(166576B) preprint=False species=human
42346024 OA=Y pmcid=PMC13313218 xml=ok(146767B) preprint=False species=mouse
42363437 OA=Y pmcid=PMC13570975 xml=ok(181506B) preprint=False species=human
42365006 OA=Y pmcid=PMC13454435 xml=ok(247373B) preprint=False species=human
42406957 OA=Y pmcid=PMC13367782 xml=ok(187569B) preprint=False species=both
42444979 OA=Y pmcid=PMC13357706 xml=ok(943777B) preprint=False species=other
42508771 OA=N pmcid=PMC13523772 xml=ERR:HTTP Error 500: (0B) preprint=False species=other
42511033 OA=Y pmcid=PMC13404467 xml=ok(190670B) preprint=False species=other
42563687 OA=Y pmcid=PMC13451049 xml=ok(433302B) preprint=False species=human
42569310 OA=Y pmcid=PMC13449800 xml=ok(179123B) preprint=False species=human
42589173 OA=Y pmcid=PMC13464601 xml=ok(179905B) preprint=False species=human
42630359 OA=Y pmcid=PMC13494123 xml=ok(227336B) preprint=False species=both
42653217 OA=Y pmcid=PMC13513791 xml=ok(351232B) preprint=False species=human
42653219 OA=Y pmcid=PMC13513235 xml=ok(173089B) preprint=False species=human
42777860 OA=N pmcid=- xml=no_pmcid(0B) preprint=False species=human
DONE n=64 total_xml_bytes=13.9MB
FETCH_EXIT=0
