absent cited PMIDs: 7
epmc absent PMID check done: 6 / 7
gene-context checks: 66
ADARB2 retina 45 A_candidate
AK5 retina 26 A_candidate
B3GAT2 retina 13 A_candidate
BEGAIN retina 13 A_candidate
C8ORF76 retina 39 A_candidate
CACNG7 retina 18 A_candidate
CAMK2A retina 202 A_candidate
CAMKV retina 21 A_candidate
CD5L membrane 111 A_candidate
CLEC10A membrane 83 A_candidate
CLEC1A retina 10 A_candidate
CLEC4C membrane 27 A_candidate
CMYA5 retina 14 A_candidate
CNTN5 retina 56 A_candidate
COL19A1 retina 27 A_candidate
CPNE5 retina 19 A_candidate
CYTH4 retina 4 B_scarce_1_5
DERL3 membrane 40 A_candidate
DGKB retina 37 A_candidate
DOCK10 retina 19 A_candidate
DOCK2 retina 89 A_candidate
ELANE membrane 839 A_candidate
FAM107B retina 14 A_candidate
FAM171B retina 10 A_candidate
FGFBP2 membrane 39 A_candidate
GABRA5 retina 84 A_candidate
GFRA2 retina 67 A_candidate
GJA10 retina 63 A_candidate
GLCE retina 40 A_candidate
GPR34 membrane 153 A_candidate
GPR34 retina 78 A_candidate
GREB1L retina 21 A_candidate
HIGD1B face 4 B_scarce_1_5
HIGD1B membrane 24 A_candidate
HS3ST4 retina 10 A_candidate
IGSF21 retina 18 A_candidate
KHDRBS3 retina 29 A_candidate
KLRF1 membrane 37 A_candidate
LGMN membrane 133 A_candidate
LILRA4 membrane 28 A_candidate
LNX1 retina 30 A_candidate
MFSD4A retina 5 B_scarce_1_5
MNDA membrane 71 A_candidate
RETRY <urlopen error timed out>
NAT16 retina 10 A_candidate
NCR3 membrane 36 A_candidate
OLFML3 membrane 121 A_candidate
PCDH11X retina 34 A_candidate
PCSK6 retina 34 A_candidate
PIK3R5 retina 43 A_candidate
PLD4 membrane 44 A_candidate
RAPGEF5 retina 23 A_candidate
S100A12 membrane 444 A_candidate
SESTD1 retina 56 A_candidate
SIGLEC11 membrane 21 A_candidate
SIGLEC11 retina 15 A_candidate
SKAP1 membrane 28 A_candidate
SLC24A3 retina 29 A_candidate
SLC35F3 retina 35 A_candidate
SLC4A3 retina 67 A_candidate
SNTG1 retina 11 A_candidate
SSR4 membrane 33 A_candidate
TMEM132C retina 11 A_candidate
TMEM196 retina 6 A_candidate
TRBC2 membrane 34 A_candidate
XCR1 membrane 224 A_candidate
ZNF804B retina 9 A_candidate
gene checks done: 66
