S2 rows graded: {'C_strong': 610, 'C_mid': 220, 'C_ctx_mismatch': 74}
extra gene-ctx to check: 24
ADGRL2 retina 25 A_candidate
ATP8B4 retina 19 A_candidate
CALD1 face 46 A_candidate
CDH8 retina 71 A_candidate
CHRM3 retina 83 A_candidate
CNN1 face 37 A_candidate
CST1 lacrimal 24 A_candidate
CST4 lacrimal 29 A_candidate
FAM135A retina 10 A_candidate
FBXL7 retina 20 A_candidate
FCER1G retina 110 A_candidate
GPR143 kb9 155 A_candidate
GRM5 retina 105 A_candidate
GRM7 retina 68 A_candidate
KCNMB2 retina 27 A_candidate
LEPR kb9 521 A_candidate
LMOD1 face 12 A_candidate
LRRTM3 retina 16 A_candidate
MUC7 lacrimal 98 A_candidate
OLR1 retina 103 A_candidate
PTPRK retina 59 A_candidate
SAMSN1 retina 18 A_candidate
SCGB2A1 lacrimal 21 A_candidate
SHISA6 retina 15 A_candidate
extra checks done
